// Jest Snapshot v1, https://goo.gl/fbAQLP

exports[`ItemActionDelete renders correctly 1`] = `
<View
  accessibilityState={
    {
      "busy": undefined,
      "checked": undefined,
      "disabled": undefined,
      "expanded": undefined,
      "selected": undefined,
    }
  }
  accessibilityValue={
    {
      "max": undefined,
      "min": undefined,
      "now": undefined,
      "text": undefined,
    }
  }
  accessible={true}
  collapsable={false}
  focusable={true}
  onClick={[Function]}
  onResponderGrant={[Function]}
  onResponderMove={[Function]}
  onResponderRelease={[Function]}
  onResponderTerminate={[Function]}
  onResponderTerminationRequest={[Function]}
  onStartShouldSetResponder={[Function]}
  style={
    {
      "alignItems": "center",
      "backgroundColor": "#9f1239",
      "justifyContent": "center",
      "opacity": 1,
      "width": 80,
    }
  }
>
  <Text />
  <Text
    style={
      {
        "color": "#faf8ff",
        "marginTop": 5,
      }
    }
  >
    Delete
  </Text>
</View>
`;
