// Jest Snapshot v1, https://goo.gl/fbAQLP

exports[`Languages renders correctly 1`] = `
<View
  accessibilityState={
    {
      "busy": undefined,
      "checked": undefined,
      "disabled": undefined,
      "expanded": undefined,
      "selected": undefined,
    }
  }
  accessible={true}
  focusable={true}
  onClick={[Function]}
  onResponderGrant={[Function]}
  onResponderMove={[Function]}
  onResponderRelease={[Function]}
  onResponderTerminate={[Function]}
  onResponderTerminationRequest={[Function]}
  onStartShouldSetResponder={[Function]}
  style={
    [
      {
        "backgroundColor": "#121212",
        "flex": 1,
      },
      {
        "paddingTop": 20,
      },
    ]
  }
>
  <View
    accessibilityValue={
      {
        "max": undefined,
        "min": undefined,
        "now": undefined,
        "text": undefined,
      }
    }
    accessible={true}
    focusable={true}
    onClick={[Function]}
    onResponderGrant={[Function]}
    onResponderMove={[Function]}
    onResponderRelease={[Function]}
    onResponderTerminate={[Function]}
    onResponderTerminationRequest={[Function]}
    onStartShouldSetResponder={[Function]}
  >
    <View
      style={
        {
          "alignItems": "center",
          "backgroundColor": "#1a1a1a",
          "borderBottomWidth": 0.5,
          "borderColor": "#374151",
          "flexDirection": "row",
          "padding": 14,
        }
      }
      testID="RNE__LISTITEM__padView"
    >
      <RNSVGSvgView
        align="xMidYMid"
        bbHeight="50"
        bbWidth="30"
        focusable={false}
        height="50"
        meetOrSlice={0}
        minX={0}
        minY={0}
        role="img"
        style={
          [
            {
              "backgroundColor": "transparent",
              "borderWidth": 0,
            },
            {
              "flex": 0,
              "height": 50,
              "width": 30,
            },
          ]
        }
        vbHeight={36}
        vbWidth={36}
        width="30"
      >
        <RNSVGGroup
          fill={
            {
              "payload": 4278190080,
              "type": 0,
            }
          }
        >
          <RNSVGPath
            d="M0 13h36v10H0z"
            fill={
              {
                "payload": 4292870196,
                "type": 0,
              }
            }
            propList={
              [
                "fill",
              ]
            }
          />
          <RNSVGPath
            d="M32 5H4a4 4 0 0 0-4 4v4h36V9a4 4 0 0 0-4-4z"
            fill={
              {
                "payload": 4278229187,
                "type": 0,
              }
            }
            propList={
              [
                "fill",
              ]
            }
          />
          <RNSVGGroup
            fill={
              {
                "payload": 4294967295,
                "type": 0,
              }
            }
            propList={
              [
                "fill",
              ]
            }
          >
            <RNSVGPath
              d="M17.844 21.333a3.333 3.333 0 1 1 2.475-5.565a4 4 0 1 0 .001 4.464a3.325 3.325 0 0 1-2.476 1.101z"
              fill={
                {
                  "payload": 4278190080,
                  "type": 0,
                }
              }
            />
            <RNSVGPath
              d="M23.667 17.998l-1.196-.424l.544-1.146l-1.146.545l-.426-1.195l-.424 1.196l-.003-.002l-1.144-.542l.546 1.146l-1.196.426l1.196.424l-.544 1.146l1.141-.543l.005-.002l.426 1.195l.424-1.196l1.147.544l-.546-1.146z"
              fill={
                {
                  "payload": 4278190080,
                  "type": 0,
                }
              }
            />
          </RNSVGGroup>
          <RNSVGPath
            d="M4 31h28a4 4 0 0 0 4-4v-4H0v4a4 4 0 0 0 4 4z"
            fill={
              {
                "payload": 4278234725,
                "type": 0,
              }
            }
            propList={
              [
                "fill",
              ]
            }
          />
        </RNSVGGroup>
      </RNSVGSvgView>
      <View
        style={
          {
            "paddingLeft": 16,
          }
        }
      />
      <View
        style={
          [
            {
              "alignItems": "flex-start",
              "flex": 1,
              "justifyContent": "center",
            },
            undefined,
          ]
        }
        theme={
          {
            "colors": {
              "background": "#ffffff",
              "black": "#242424",
              "disabled": "hsl(208, 8%, 90%)",
              "divider": "#bcbbc1",
              "error": "#ff190c",
              "grey0": "#393e42",
              "grey1": "#43484d",
              "grey2": "#5e6977",
              "grey3": "#86939e",
              "grey4": "#bdc6cf",
              "grey5": "#e1e8ee",
              "greyOutline": "#bbb",
              "platform": {
                "android": {
                  "error": "#f44336",
                  "grey": "rgba(0, 0, 0, 0.54)",
                  "primary": "#2196f3",
                  "searchBg": "#dcdce1",
                  "secondary": "#9C27B0",
                  "success": "#4caf50",
                  "warning": "#ffeb3b",
                },
                "default": {
                  "error": "#ff3b30",
                  "grey": "#7d7d7d",
                  "primary": "#007aff",
                  "searchBg": "#dcdce1",
                  "secondary": "#5856d6",
                  "success": "#4cd964",
                  "warning": "#ffcc00",
                },
                "ios": {
                  "error": "#ff3b30",
                  "grey": "#7d7d7d",
                  "primary": "#007aff",
                  "searchBg": "#dcdce1",
                  "secondary": "#5856d6",
                  "success": "#4cd964",
                  "warning": "#ffcc00",
                },
                "web": {
                  "error": "#ff190c",
                  "grey": "#393e42",
                  "primary": "#2089dc",
                  "searchBg": "#303337",
                  "secondary": "#ca71eb",
                  "success": "#52c41a",
                  "warning": "#faad14",
                },
              },
              "primary": "#2089dc",
              "searchBg": "#303337",
              "secondary": "#ad1457",
              "success": "#52c41a",
              "warning": "#faad14",
              "white": "#ffffff",
            },
            "spacing": {
              "lg": 12,
              "md": 8,
              "sm": 4,
              "xl": 24,
              "xs": 2,
            },
          }
        }
      >
        <Text
          accessibilityRole="text"
          style={
            {
              "backgroundColor": "transparent",
              "color": "#faf8ff",
              "fontSize": 17,
            }
          }
          testID="listItemTitle"
        >
          Az…ôrbaycan
        </Text>
      </View>
      <View
        style={
          {
            "paddingLeft": 16,
          }
        }
      />
    </View>
  </View>
  <View
    accessibilityValue={
      {
        "max": undefined,
        "min": undefined,
        "now": undefined,
        "text": undefined,
      }
    }
    accessible={true}
    focusable={true}
    onClick={[Function]}
    onResponderGrant={[Function]}
    onResponderMove={[Function]}
    onResponderRelease={[Function]}
    onResponderTerminate={[Function]}
    onResponderTerminationRequest={[Function]}
    onStartShouldSetResponder={[Function]}
  >
    <View
      style={
        {
          "alignItems": "center",
          "backgroundColor": "#1a1a1a",
          "borderBottomWidth": 0.5,
          "borderColor": "#374151",
          "flexDirection": "row",
          "padding": 14,
        }
      }
      testID="RNE__LISTITEM__padView"
    >
      <RNSVGSvgView
        align="xMidYMid"
        bbHeight="50"
        bbWidth="30"
        focusable={false}
        height="50"
        meetOrSlice={0}
        minX={0}
        minY={0}
        role="img"
        style={
          [
            {
              "backgroundColor": "transparent",
              "borderWidth": 0,
            },
            {
              "flex": 0,
              "height": 50,
              "width": 30,
            },
          ]
        }
        vbHeight={36}
        vbWidth={36}
        width="30"
      >
        <RNSVGGroup
          fill={
            {
              "payload": 4278190080,
              "type": 0,
            }
          }
        >
          <RNSVGPath
            d="M0 9.059V13h5.628zM4.664 31H13v-5.837zM23 25.164V31h8.335zM0 23v3.941L5.63 23zM31.337 5H23v5.837zM36 26.942V23h-5.631zM36 13V9.059L30.371 13zM13 5H4.664L13 10.837z"
            fill={
              {
                "payload": 4278199421,
                "type": 0,
              }
            }
            propList={
              [
                "fill",
              ]
            }
          />
          <RNSVGPath
            d="M25.14 23l9.712 6.801a3.977 3.977 0 0 0 .99-1.749L28.627 23H25.14zM13 23h-2.141l-9.711 6.8c.521.53 1.189.909 1.938 1.085L13 23.943V23zm10-10h2.141l9.711-6.8a3.988 3.988 0 0 0-1.937-1.085L23 12.057V13zm-12.141 0L1.148 6.2a3.994 3.994 0 0 0-.991 1.749L7.372 13h3.487z"
            fill={
              {
                "payload": 4291762987,
                "type": 0,
              }
            }
            propList={
              [
                "fill",
              ]
            }
          />
          <RNSVGPath
            d="M36 21H21v10h2v-5.836L31.335 31H32a3.99 3.99 0 0 0 2.852-1.199L25.14 23h3.487l7.215 5.052c.093-.337.158-.686.158-1.052v-.058L30.369 23H36v-2zM0 21v2h5.63L0 26.941V27c0 1.091.439 2.078 1.148 2.8l9.711-6.8H13v.943l-9.914 6.941c.294.07.598.116.914.116h.664L13 25.163V31h2V21H0zM36 9a3.983 3.983 0 0 0-1.148-2.8L25.141 13H23v-.943l9.915-6.942A4.001 4.001 0 0 0 32 5h-.663L23 10.837V5h-2v10h15v-2h-5.629L36 9.059V9zM13 5v5.837L4.664 5H4a3.985 3.985 0 0 0-2.852 1.2l9.711 6.8H7.372L.157 7.949A3.968 3.968 0 0 0 0 9v.059L5.628 13H0v2h15V5h-2z"
            fill={
              {
                "payload": 4293848814,
                "type": 0,
              }
            }
            propList={
              [
                "fill",
              ]
            }
          />
          <RNSVGPath
            d="M21 15V5h-6v10H0v6h15v10h6V21h15v-6z"
            fill={
              {
                "payload": 4291762987,
                "type": 0,
              }
            }
            propList={
              [
                "fill",
              ]
            }
          />
        </RNSVGGroup>
      </RNSVGSvgView>
      <View
        style={
          {
            "paddingLeft": 16,
          }
        }
      />
      <View
        style={
          [
            {
              "alignItems": "flex-start",
              "flex": 1,
              "justifyContent": "center",
            },
            undefined,
          ]
        }
        theme={
          {
            "colors": {
              "background": "#ffffff",
              "black": "#242424",
              "disabled": "hsl(208, 8%, 90%)",
              "divider": "#bcbbc1",
              "error": "#ff190c",
              "grey0": "#393e42",
              "grey1": "#43484d",
              "grey2": "#5e6977",
              "grey3": "#86939e",
              "grey4": "#bdc6cf",
              "grey5": "#e1e8ee",
              "greyOutline": "#bbb",
              "platform": {
                "android": {
                  "error": "#f44336",
                  "grey": "rgba(0, 0, 0, 0.54)",
                  "primary": "#2196f3",
                  "searchBg": "#dcdce1",
                  "secondary": "#9C27B0",
                  "success": "#4caf50",
                  "warning": "#ffeb3b",
                },
                "default": {
                  "error": "#ff3b30",
                  "grey": "#7d7d7d",
                  "primary": "#007aff",
                  "searchBg": "#dcdce1",
                  "secondary": "#5856d6",
                  "success": "#4cd964",
                  "warning": "#ffcc00",
                },
                "ios": {
                  "error": "#ff3b30",
                  "grey": "#7d7d7d",
                  "primary": "#007aff",
                  "searchBg": "#dcdce1",
                  "secondary": "#5856d6",
                  "success": "#4cd964",
                  "warning": "#ffcc00",
                },
                "web": {
                  "error": "#ff190c",
                  "grey": "#393e42",
                  "primary": "#2089dc",
                  "searchBg": "#303337",
                  "secondary": "#ca71eb",
                  "success": "#52c41a",
                  "warning": "#faad14",
                },
              },
              "primary": "#2089dc",
              "searchBg": "#303337",
              "secondary": "#ad1457",
              "success": "#52c41a",
              "warning": "#faad14",
              "white": "#ffffff",
            },
            "spacing": {
              "lg": 12,
              "md": 8,
              "sm": 4,
              "xl": 24,
              "xs": 2,
            },
          }
        }
      >
        <Text
          accessibilityRole="text"
          style={
            {
              "backgroundColor": "transparent",
              "color": "#faf8ff",
              "fontSize": 17,
            }
          }
          testID="listItemTitle"
        >
          English
        </Text>
      </View>
      <View
        style={
          {
            "paddingLeft": 16,
          }
        }
      />
      <View
        style={
          [
            {
              "alignItems": "flex-end",
              "flex": 0.5,
              "justifyContent": "center",
            },
            undefined,
          ]
        }
        theme={
          {
            "colors": {
              "background": "#ffffff",
              "black": "#242424",
              "disabled": "hsl(208, 8%, 90%)",
              "divider": "#bcbbc1",
              "error": "#ff190c",
              "grey0": "#393e42",
              "grey1": "#43484d",
              "grey2": "#5e6977",
              "grey3": "#86939e",
              "grey4": "#bdc6cf",
              "grey5": "#e1e8ee",
              "greyOutline": "#bbb",
              "platform": {
                "android": {
                  "error": "#f44336",
                  "grey": "rgba(0, 0, 0, 0.54)",
                  "primary": "#2196f3",
                  "searchBg": "#dcdce1",
                  "secondary": "#9C27B0",
                  "success": "#4caf50",
                  "warning": "#ffeb3b",
                },
                "default": {
                  "error": "#ff3b30",
                  "grey": "#7d7d7d",
                  "primary": "#007aff",
                  "searchBg": "#dcdce1",
                  "secondary": "#5856d6",
                  "success": "#4cd964",
                  "warning": "#ffcc00",
                },
                "ios": {
                  "error": "#ff3b30",
                  "grey": "#7d7d7d",
                  "primary": "#007aff",
                  "searchBg": "#dcdce1",
                  "secondary": "#5856d6",
                  "success": "#4cd964",
                  "warning": "#ffcc00",
                },
                "web": {
                  "error": "#ff190c",
                  "grey": "#393e42",
                  "primary": "#2089dc",
                  "searchBg": "#303337",
                  "secondary": "#ca71eb",
                  "success": "#52c41a",
                  "warning": "#faad14",
                },
              },
              "primary": "#2089dc",
              "searchBg": "#303337",
              "secondary": "#ad1457",
              "success": "#52c41a",
              "warning": "#faad14",
              "white": "#ffffff",
            },
            "spacing": {
              "lg": 12,
              "md": 8,
              "sm": 4,
              "xl": 24,
              "xs": 2,
            },
          }
        }
      >
        <View
          style={
            {
              "overflow": "hidden",
            }
          }
          testID="RNE__ICON__CONTAINER"
        >
          <View
            accessibilityRole="button"
            android_ripple={
              {
                "borderless": false,
                "color": "rgba(0, 0, 0, 0.3)",
                "radius": -5,
              }
            }
            disabled={false}
            testID="RNE__ICON__CONTAINER_ACTION"
          >
            <View
              style={
                {
                  "alignItems": "center",
                  "backgroundColor": "transparent",
                  "justifyContent": "center",
                }
              }
              testID="RNE__ICON"
            >
              <Text />
            </View>
          </View>
        </View>
      </View>
    </View>
  </View>
  <View
    accessibilityValue={
      {
        "max": undefined,
        "min": undefined,
        "now": undefined,
        "text": undefined,
      }
    }
    accessible={true}
    focusable={true}
    onClick={[Function]}
    onResponderGrant={[Function]}
    onResponderMove={[Function]}
    onResponderRelease={[Function]}
    onResponderTerminate={[Function]}
    onResponderTerminationRequest={[Function]}
    onStartShouldSetResponder={[Function]}
  >
    <View
      style={
        {
          "alignItems": "center",
          "backgroundColor": "#1a1a1a",
          "borderBottomWidth": 0.5,
          "borderColor": "#374151",
          "flexDirection": "row",
          "padding": 14,
        }
      }
      testID="RNE__LISTITEM__padView"
    >
      <RNSVGSvgView
        align="xMidYMid"
        bbHeight="50"
        bbWidth="30"
        focusable={false}
        height="50"
        meetOrSlice={0}
        minX={0}
        minY={0}
        role="img"
        style={
          [
            {
              "backgroundColor": "transparent",
              "borderWidth": 0,
            },
            {
              "flex": 0,
              "height": 50,
              "width": 30,
            },
          ]
        }
        vbHeight={36}
        vbWidth={36}
        width="30"
      >
        <RNSVGGroup
          fill={
            {
              "payload": 4278190080,
              "type": 0,
            }
          }
        >
          <RNSVGPath
            d="M36 27a4 4 0 0 1-4 4H4a4 4 0 0 1-4-4v-4h36v4z"
            fill={
              {
                "payload": 4291698728,
                "type": 0,
              }
            }
            propList={
              [
                "fill",
              ]
            }
          />
          <RNSVGPath
            d="M0 13h36v10H0z"
            fill={
              {
                "payload": 4280434828,
                "type": 0,
              }
            }
            propList={
              [
                "fill",
              ]
            }
          />
          <RNSVGPath
            d="M32 5H4a4 4 0 0 0-4 4v4h36V9a4 4 0 0 0-4-4z"
            fill={
              {
                "payload": 4293848814,
                "type": 0,
              }
            }
            propList={
              [
                "fill",
              ]
            }
          />
        </RNSVGGroup>
      </RNSVGSvgView>
      <View
        style={
          {
            "paddingLeft": 16,
          }
        }
      />
      <View
        style={
          [
            {
              "alignItems": "flex-start",
              "flex": 1,
              "justifyContent": "center",
            },
            undefined,
          ]
        }
        theme={
          {
            "colors": {
              "background": "#ffffff",
              "black": "#242424",
              "disabled": "hsl(208, 8%, 90%)",
              "divider": "#bcbbc1",
              "error": "#ff190c",
              "grey0": "#393e42",
              "grey1": "#43484d",
              "grey2": "#5e6977",
              "grey3": "#86939e",
              "grey4": "#bdc6cf",
              "grey5": "#e1e8ee",
              "greyOutline": "#bbb",
              "platform": {
                "android": {
                  "error": "#f44336",
                  "grey": "rgba(0, 0, 0, 0.54)",
                  "primary": "#2196f3",
                  "searchBg": "#dcdce1",
                  "secondary": "#9C27B0",
                  "success": "#4caf50",
                  "warning": "#ffeb3b",
                },
                "default": {
                  "error": "#ff3b30",
                  "grey": "#7d7d7d",
                  "primary": "#007aff",
                  "searchBg": "#dcdce1",
                  "secondary": "#5856d6",
                  "success": "#4cd964",
                  "warning": "#ffcc00",
                },
                "ios": {
                  "error": "#ff3b30",
                  "grey": "#7d7d7d",
                  "primary": "#007aff",
                  "searchBg": "#dcdce1",
                  "secondary": "#5856d6",
                  "success": "#4cd964",
                  "warning": "#ffcc00",
                },
                "web": {
                  "error": "#ff190c",
                  "grey": "#393e42",
                  "primary": "#2089dc",
                  "searchBg": "#303337",
                  "secondary": "#ca71eb",
                  "success": "#52c41a",
                  "warning": "#faad14",
                },
              },
              "primary": "#2089dc",
              "searchBg": "#303337",
              "secondary": "#ad1457",
              "success": "#52c41a",
              "warning": "#faad14",
              "white": "#ffffff",
            },
            "spacing": {
              "lg": 12,
              "md": 8,
              "sm": 4,
              "xl": 24,
              "xs": 2,
            },
          }
        }
      >
        <Text
          accessibilityRole="text"
          style={
            {
              "backgroundColor": "transparent",
              "color": "#faf8ff",
              "fontSize": 17,
            }
          }
          testID="listItemTitle"
        >
          –†—É—Å—Å–∫–∏–π
        </Text>
      </View>
      <View
        style={
          {
            "paddingLeft": 16,
          }
        }
      />
    </View>
  </View>
</View>
`;
