// Jest Snapshot v1, https://goo.gl/fbAQLP

exports[`MyFab renders correctly 1`] = `
<View
  collapsable={false}
  style={
    {
      "alignItems": "center",
      "borderRadius": 28,
      "bottom": 0,
      "flexDirection": "row",
      "justifyContent": "center",
      "margin": 16,
      "marginBottom": 30,
      "marginRight": 20,
      "opacity": 1,
      "position": "absolute",
      "right": 0,
      "transform": [
        {
          "scale": 1,
        },
      ],
    }
  }
>
  <View
    style={
      [
        {
          "overflow": "hidden",
        },
        {
          "borderRadius": 2,
        },
        {
          "borderRadius": 28,
          "elevation": 4,
        },
        false,
      ]
    }
    testID="RNE_BUTTON_WRAPPER"
  >
    <View
      accessibilityRole="button"
      accessibilityState={
        {
          "busy": false,
          "checked": undefined,
          "disabled": false,
          "expanded": undefined,
          "selected": undefined,
        }
      }
      accessibilityValue={
        {
          "max": undefined,
          "min": undefined,
          "now": undefined,
          "text": undefined,
        }
      }
      accessible={true}
      collapsable={false}
      focusable={true}
      onClick={[Function]}
      onResponderGrant={[Function]}
      onResponderMove={[Function]}
      onResponderRelease={[Function]}
      onResponderTerminate={[Function]}
      onResponderTerminationRequest={[Function]}
      onStartShouldSetResponder={[Function]}
      style={
        {
          "opacity": 1,
        }
      }
    >
      <View
        style={
          {
            "alignItems": "center",
            "backgroundColor": "#7600eb",
            "borderColor": "#2089dc",
            "borderRadius": 2,
            "borderWidth": 0,
            "flexDirection": "row",
            "height": 56,
            "justifyContent": "center",
            "padding": 16,
            "paddingHorizontal": 10,
            "width": 56,
          }
        }
      >
        <View
          style={
            {
              "height": 56,
              "marginHorizontal": 5,
              "overflow": "hidden",
              "padding": 16,
              "width": 56,
            }
          }
          testID="RNE__ICON__CONTAINER"
        >
          <View
            accessibilityRole="button"
            android_ripple={
              {
                "borderless": false,
                "color": "rgba(0, 0, 0, 0.3)",
                "radius": -5,
              }
            }
            disabled={false}
            testID="RNE__ICON__CONTAINER_ACTION"
          >
            <View
              style={
                {
                  "alignItems": "center",
                  "backgroundColor": "transparent",
                  "justifyContent": "center",
                }
              }
              testID="RNE__ICON"
            >
              <Text />
            </View>
          </View>
        </View>
      </View>
    </View>
  </View>
</View>
`;
