// Jest Snapshot v1, https://goo.gl/fbAQLP

exports[`MySearchBar renders correctly 1`] = `
<View
  style={
    {
      "alignItems": "center",
      "backgroundColor": "#121212",
      "flexDirection": "row",
      "overflow": "hidden",
      "paddingBottom": 13,
      "paddingTop": 13,
    }
  }
  testID="RNE__SearchBar-wrapper"
>
  <View
    style={
      {
        "paddingHorizontal": 0,
        "width": "100%",
      }
    }
    testID="RNE__Input__view-wrapper"
  >
    <View
      collapsable={false}
      style={
        {
          "alignItems": "center",
          "backgroundColor": "#121212",
          "borderBottomWidth": 0,
          "borderColor": "#86939e",
          "borderRadius": 9,
          "flexDirection": "row",
          "marginLeft": 8,
          "marginRight": 8,
          "minHeight": 36,
          "transform": [
            {
              "translateX": 0,
            },
          ],
        }
      }
    >
      <View
        style={
          {
            "alignItems": "center",
            "height": 40,
            "justifyContent": "center",
            "marginLeft": 8,
            "marginVertical": 4,
            "paddingRight": 4,
          }
        }
      >
        <Text />
      </View>
      <TextInput
        editable={true}
        onBlur={[Function]}
        onCancel={[Function]}
        onChangeText={[Function]}
        onFocus={[Function]}
        placeholder="placeholder"
        placeholderTextColor="#7d7d7d"
        platform="ios"
        style={
          {
            "color": "#faf8ff",
            "flex": 1,
            "fontSize": 18,
            "marginLeft": 6,
            "minHeight": 40,
            "overflow": "hidden",
          }
        }
        testID="RNE__SearchBar"
        underlineColorAndroid="transparent"
        value=""
      />
      <View
        style={
          {
            "alignItems": "center",
            "height": 40,
            "justifyContent": "center",
            "marginRight": 8,
            "marginVertical": 4,
            "paddingRight": 4,
          }
        }
      >
        <View
          style={
            {
              "flexDirection": "row",
            }
          }
        />
      </View>
    </View>
    <Text
      style={
        {
          "color": "#ff190c",
          "fontSize": 12,
          "height": 0,
          "margin": 0,
          "padding": 0,
        }
      }
    />
  </View>
  <View
    onLayout={[Function]}
    style={
      {
        "opacity": 0,
        "position": "absolute",
        "right": null,
      }
    }
    testID="RNE__SearchBar-cancelButtonContainer"
  >
    <View
      accessibilityRole="button"
      accessibilityState={
        {
          "busy": undefined,
          "checked": undefined,
          "disabled": undefined,
          "expanded": undefined,
          "selected": undefined,
        }
      }
      accessibilityValue={
        {
          "max": undefined,
          "min": undefined,
          "now": undefined,
          "text": undefined,
        }
      }
      accessible={true}
      collapsable={false}
      focusable={true}
      onBlur={[Function]}
      onClick={[Function]}
      onFocus={[Function]}
      onResponderGrant={[Function]}
      onResponderMove={[Function]}
      onResponderRelease={[Function]}
      onResponderTerminate={[Function]}
      onResponderTerminationRequest={[Function]}
      onStartShouldSetResponder={[Function]}
    >
      <View
        style={{}}
        testID="RNE__SearchBar-cancelButton"
      >
        <Text
          style={
            {
              "color": "#007aff",
              "fontSize": 18,
              "padding": 8,
              "textAlign": "center",
            }
          }
        >
          Cancel
        </Text>
      </View>
    </View>
  </View>
</View>
`;
