// Jest Snapshot v1, https://goo.gl/fbAQLP

exports[`NewPatient renders correctly 1`] = `
<View
  accessibilityState={
    {
      "busy": undefined,
      "checked": undefined,
      "disabled": undefined,
      "expanded": undefined,
      "selected": undefined,
    }
  }
  accessible={true}
  focusable={true}
  onClick={[Function]}
  onResponderGrant={[Function]}
  onResponderMove={[Function]}
  onResponderRelease={[Function]}
  onResponderTerminate={[Function]}
  onResponderTerminationRequest={[Function]}
  onStartShouldSetResponder={[Function]}
  style={
    [
      {
        "backgroundColor": "#121212",
        "flex": 1,
      },
      undefined,
    ]
  }
>
  <View
    accessibilityState={
      {
        "busy": undefined,
        "checked": undefined,
        "disabled": undefined,
        "expanded": undefined,
        "selected": undefined,
      }
    }
    accessible={true}
    focusable={true}
    onClick={[Function]}
    onResponderGrant={[Function]}
    onResponderMove={[Function]}
    onResponderRelease={[Function]}
    onResponderTerminate={[Function]}
    onResponderTerminationRequest={[Function]}
    onStartShouldSetResponder={[Function]}
    style={
      [
        {
          "backgroundColor": "#121212",
          "flex": 1,
        },
        {
          "paddingHorizontal": 10,
          "paddingTop": 20,
        },
      ]
    }
  >
    <View
      onLayout={[Function]}
      style={
        [
          {
            "flex": 1,
          },
          {
            "paddingBottom": 0,
          },
        ]
      }
    >
      <RCTScrollView
        contentContainerStyle={
          {
            "flexGrow": 1,
          }
        }
        onScroll={[Function]}
        scrollEventThrottle={50}
      >
        <View>
          <View
            style={
              {
                "paddingHorizontal": 0,
                "width": "100%",
              }
            }
            testID="RNE__Input__view-wrapper"
          >
            <Text
              style={
                {
                  "color": "#d3fbd8",
                  "fontSize": 16,
                  "fontWeight": "bold",
                  "marginBottom": 5,
                }
              }
            >
              First Name
            </Text>
            <View
              collapsable={false}
              style={
                {
                  "alignItems": "center",
                  "borderBottomWidth": 1,
                  "borderColor": "#374151",
                  "borderRadius": 10,
                  "borderWidth": 1,
                  "flexDirection": "row",
                  "marginBottom": 20,
                  "transform": [
                    {
                      "translateX": 0,
                    },
                  ],
                }
              }
            >
              <TextInput
                autoCorrect={false}
                editable={true}
                onBlur={[Function]}
                onChange={[Function]}
                onFocus={[Function]}
                placeholder="Egana"
                placeholderTextColor="#86939e"
                returnKeyType="done"
                selectionColor="#faf8ff"
                showError={false}
                style={
                  {
                    "color": "#faf8ff",
                    "flex": 1,
                    "fontSize": 18,
                    "minHeight": 40,
                    "paddingHorizontal": 10,
                    "paddingTop": 20,
                    "paddingVertical": 20,
                  }
                }
                testID="RNE__Input__text-input"
                underlineColorAndroid="transparent"
              />
            </View>
            <Text
              style={
                {
                  "color": "#ff190c",
                  "fontSize": 12,
                  "height": 0,
                  "margin": 0,
                  "padding": 0,
                }
              }
            />
          </View>
          <View
            style={
              {
                "paddingHorizontal": 0,
                "width": "100%",
              }
            }
            testID="RNE__Input__view-wrapper"
          >
            <Text
              style={
                {
                  "color": "#d3fbd8",
                  "fontSize": 16,
                  "fontWeight": "bold",
                  "marginBottom": 5,
                }
              }
            >
              Last Name
            </Text>
            <View
              collapsable={false}
              style={
                {
                  "alignItems": "center",
                  "borderBottomWidth": 1,
                  "borderColor": "#374151",
                  "borderRadius": 10,
                  "borderWidth": 1,
                  "flexDirection": "row",
                  "marginBottom": 20,
                  "transform": [
                    {
                      "translateX": 0,
                    },
                  ],
                }
              }
            >
              <TextInput
                autoCorrect={false}
                editable={true}
                onBlur={[Function]}
                onChange={[Function]}
                onFocus={[Function]}
                placeholder="Mammadova"
                placeholderTextColor="#86939e"
                returnKeyType="done"
                selectionColor="#faf8ff"
                showError={false}
                style={
                  {
                    "color": "#faf8ff",
                    "flex": 1,
                    "fontSize": 18,
                    "minHeight": 40,
                    "paddingHorizontal": 10,
                    "paddingTop": 20,
                    "paddingVertical": 20,
                  }
                }
                testID="RNE__Input__text-input"
                underlineColorAndroid="transparent"
              />
            </View>
            <Text
              style={
                {
                  "color": "#ff190c",
                  "fontSize": 12,
                  "height": 0,
                  "margin": 0,
                  "padding": 0,
                }
              }
            />
          </View>
          <View>
            <View
              style={
                {
                  "paddingHorizontal": 0,
                  "width": "100%",
                }
              }
              testID="RNE__Input__view-wrapper"
            >
              <Text
                style={
                  {
                    "color": "#d3fbd8",
                    "fontSize": 16,
                    "fontWeight": "bold",
                    "marginBottom": 5,
                  }
                }
              >
                Date of birth
              </Text>
              <View
                collapsable={false}
                style={
                  {
                    "alignItems": "center",
                    "borderBottomWidth": 1,
                    "borderColor": "#374151",
                    "borderRadius": 10,
                    "borderWidth": 1,
                    "flexDirection": "row",
                    "marginBottom": 20,
                    "transform": [
                      {
                        "translateX": 0,
                      },
                    ],
                  }
                }
              >
                <TextInput
                  autoCorrect={false}
                  editable={true}
                  onBlur={[Function]}
                  onChange={[Function]}
                  onFocus={[Function]}
                  placeholder="2014-01-01"
                  placeholderTextColor="#86939e"
                  returnKeyType="done"
                  selectionColor="#faf8ff"
                  style={
                    {
                      "color": "#faf8ff",
                      "flex": 1,
                      "fontSize": 18,
                      "minHeight": 40,
                      "paddingHorizontal": 10,
                      "paddingTop": 20,
                      "paddingVertical": 20,
                    }
                  }
                  testID="RNE__Input__text-input"
                  underlineColorAndroid="transparent"
                />
                <View
                  style={
                    {
                      "alignItems": "center",
                      "height": 40,
                      "justifyContent": "center",
                      "marginRight": 10,
                      "marginVertical": 4,
                      "paddingRight": 0,
                    }
                  }
                >
                  <Text />
                </View>
              </View>
              <Text
                style={
                  {
                    "color": "#ff190c",
                    "fontSize": 12,
                    "height": 0,
                    "margin": 0,
                    "padding": 0,
                  }
                }
              />
            </View>
            <Modal
              animationType="none"
              hardwareAccelerated={false}
              isVisible={false}
              onHide={[Function]}
              transparent={true}
              visible={false}
            />
          </View>
          <View
            style={
              {
                "paddingHorizontal": 0,
                "width": "100%",
              }
            }
            testID="RNE__Input__view-wrapper"
          >
            <Text
              style={
                {
                  "color": "#d3fbd8",
                  "fontSize": 16,
                  "fontWeight": "bold",
                  "marginBottom": 5,
                }
              }
            >
              City
            </Text>
            <View
              collapsable={false}
              style={
                {
                  "alignItems": "center",
                  "borderBottomWidth": 1,
                  "borderColor": "#374151",
                  "borderRadius": 10,
                  "borderWidth": 1,
                  "flexDirection": "row",
                  "marginBottom": 20,
                  "transform": [
                    {
                      "translateX": 0,
                    },
                  ],
                }
              }
            >
              <TextInput
                autoCorrect={false}
                editable={true}
                onBlur={[Function]}
                onChange={[Function]}
                onFocus={[Function]}
                placeholder="Baku"
                placeholderTextColor="#86939e"
                returnKeyType="done"
                selectionColor="#faf8ff"
                style={
                  {
                    "color": "#faf8ff",
                    "flex": 1,
                    "fontSize": 18,
                    "minHeight": 40,
                    "paddingHorizontal": 10,
                    "paddingTop": 20,
                    "paddingVertical": 20,
                  }
                }
                testID="RNE__Input__text-input"
                underlineColorAndroid="transparent"
                value=""
              />
            </View>
            <Text
              style={
                {
                  "color": "#ff190c",
                  "fontSize": 12,
                  "height": 0,
                  "margin": 0,
                  "padding": 0,
                }
              }
            />
          </View>
          <View
            style={
              {
                "paddingHorizontal": 0,
                "width": "100%",
              }
            }
            testID="RNE__Input__view-wrapper"
          >
            <Text
              style={
                {
                  "color": "#d3fbd8",
                  "fontSize": 16,
                  "fontWeight": "bold",
                  "marginBottom": 5,
                }
              }
            >
              Phone Number
            </Text>
            <View
              collapsable={false}
              style={
                {
                  "alignItems": "center",
                  "borderBottomWidth": 1,
                  "borderColor": "#374151",
                  "borderRadius": 10,
                  "borderWidth": 1,
                  "flexDirection": "row",
                  "marginBottom": 20,
                  "transform": [
                    {
                      "translateX": 0,
                    },
                  ],
                }
              }
            >
              <TextInput
                autoCorrect={false}
                editable={true}
                keyboardType="phone-pad"
                onBlur={[Function]}
                onChange={[Function]}
                onFocus={[Function]}
                placeholder="050 123 45 67"
                placeholderTextColor="#86939e"
                returnKeyType="done"
                selectionColor="#faf8ff"
                style={
                  {
                    "color": "#faf8ff",
                    "flex": 1,
                    "fontSize": 18,
                    "minHeight": 40,
                    "paddingHorizontal": 10,
                    "paddingTop": 20,
                    "paddingVertical": 20,
                  }
                }
                testID="RNE__Input__text-input"
                underlineColorAndroid="transparent"
                value=""
              />
            </View>
            <Text
              style={
                {
                  "color": "#ff190c",
                  "fontSize": 12,
                  "height": 0,
                  "margin": 0,
                  "padding": 0,
                }
              }
            />
          </View>
          <View
            style={
              {
                "paddingHorizontal": 0,
                "width": "100%",
              }
            }
            testID="RNE__Input__view-wrapper"
          >
            <Text
              style={
                {
                  "color": "#d3fbd8",
                  "fontSize": 16,
                  "fontWeight": "bold",
                  "marginBottom": 5,
                }
              }
            >
              Extra Info
            </Text>
            <View
              collapsable={false}
              style={
                {
                  "alignItems": "center",
                  "borderBottomWidth": 1,
                  "borderColor": "#374151",
                  "borderRadius": 10,
                  "borderWidth": 1,
                  "flexDirection": "row",
                  "marginBottom": 20,
                  "transform": [
                    {
                      "translateX": 0,
                    },
                  ],
                }
              }
            >
              <TextInput
                autoCorrect={false}
                editable={true}
                multiline={true}
                onBlur={[Function]}
                onChange={[Function]}
                onFocus={[Function]}
                placeholder="A friend of Polad."
                placeholderTextColor="#86939e"
                returnKeyType="default"
                selectionColor="#faf8ff"
                style={
                  {
                    "color": "#faf8ff",
                    "flex": 1,
                    "fontSize": 18,
                    "minHeight": 100,
                    "paddingHorizontal": 10,
                    "paddingTop": 15,
                    "paddingVertical": 20,
                  }
                }
                testID="RNE__Input__text-input"
                underlineColorAndroid="transparent"
                value=""
              />
            </View>
            <Text
              style={
                {
                  "color": "#ff190c",
                  "fontSize": 12,
                  "height": 0,
                  "margin": 0,
                  "padding": 0,
                }
              }
            />
          </View>
        </View>
      </RCTScrollView>
    </View>
    <RCTSafeAreaView
      style={
        {
          "marginTop": "auto",
        }
      }
    >
      <View
        style={
          [
            {
              "overflow": "hidden",
            },
            {
              "borderRadius": 2,
            },
            undefined,
            false,
          ]
        }
        testID="RNE_BUTTON_WRAPPER"
      >
        <View
          accessibilityRole="button"
          accessibilityState={
            {
              "busy": false,
              "checked": undefined,
              "disabled": false,
              "expanded": undefined,
              "selected": undefined,
            }
          }
          accessibilityValue={
            {
              "max": undefined,
              "min": undefined,
              "now": undefined,
              "text": undefined,
            }
          }
          accessible={true}
          collapsable={false}
          focusable={true}
          onClick={[Function]}
          onResponderGrant={[Function]}
          onResponderMove={[Function]}
          onResponderRelease={[Function]}
          onResponderTerminate={[Function]}
          onResponderTerminationRequest={[Function]}
          onStartShouldSetResponder={[Function]}
          style={
            {
              "marginHorizontal": 10,
              "opacity": 1,
            }
          }
        >
          <View
            style={
              {
                "alignItems": "center",
                "backgroundColor": "#7600eb",
                "borderColor": "#2089dc",
                "borderRadius": 10,
                "borderWidth": 0,
                "flexDirection": "row",
                "justifyContent": "center",
                "padding": 10,
                "paddingHorizontal": 10,
              }
            }
          >
            <Text
              style={
                {
                  "color": "white",
                  "fontSize": 18,
                  "paddingVertical": 1,
                  "textAlign": "center",
                }
              }
            >
              Create
            </Text>
          </View>
        </View>
      </View>
    </RCTSafeAreaView>
  </View>
</View>
`;
