// Jest Snapshot v1, https://goo.gl/fbAQLP

exports[`Settings renders correctly 1`] = `
<View
  accessibilityState={
    {
      "busy": undefined,
      "checked": undefined,
      "disabled": undefined,
      "expanded": undefined,
      "selected": undefined,
    }
  }
  accessible={true}
  focusable={true}
  onClick={[Function]}
  onResponderGrant={[Function]}
  onResponderMove={[Function]}
  onResponderRelease={[Function]}
  onResponderTerminate={[Function]}
  onResponderTerminationRequest={[Function]}
  onStartShouldSetResponder={[Function]}
  style={
    [
      {
        "backgroundColor": "#121212",
        "flex": 1,
      },
      {
        "paddingTop": 20,
      },
    ]
  }
>
  <Text
    accessibilityRole="text"
    style={
      {
        "color": "#faf8ff",
        "fontSize": 16,
        "marginBottom": 5,
        "marginLeft": 10,
        "opacity": 0.5,
      }
    }
  >
    General
  </Text>
  <RNGestureHandlerButton
    collapsable={false}
    delayLongPress={600}
    enabled={true}
    exclusive={true}
    handlerTag={1}
    handlerType="NativeViewGestureHandler"
    onGestureEvent={[Function]}
    onGestureHandlerEvent={[Function]}
    onGestureHandlerStateChange={[Function]}
    onHandlerStateChange={[Function]}
    rippleColor={0}
    touchSoundDisabled={false}
  >
    <View
      accessible={true}
      collapsable={false}
      style={{}}
    >
      <View
        style={
          {
            "alignItems": "center",
            "backgroundColor": "#1a1a1a",
            "borderBottomWidth": 0.5,
            "borderColor": "#374151",
            "flexDirection": "row",
            "padding": 14,
          }
        }
        testID="RNE__LISTITEM__padView"
      >
        <View
          style={
            {
              "overflow": "hidden",
            }
          }
          testID="RNE__ICON__CONTAINER"
        >
          <View
            accessibilityRole="button"
            android_ripple={
              {
                "borderless": false,
                "color": "rgba(0, 0, 0, 0.3)",
                "radius": -5,
              }
            }
            disabled={false}
            testID="RNE__ICON__CONTAINER_ACTION"
          >
            <View
              style={
                {
                  "alignItems": "center",
                  "backgroundColor": "transparent",
                  "justifyContent": "center",
                }
              }
              testID="RNE__ICON"
            >
              <Text />
            </View>
          </View>
        </View>
        <View
          style={
            {
              "paddingLeft": 16,
            }
          }
        />
        <View
          style={
            [
              {
                "alignItems": "flex-start",
                "flex": 1,
                "justifyContent": "center",
              },
              undefined,
            ]
          }
          theme={
            {
              "colors": {
                "background": "#ffffff",
                "black": "#242424",
                "disabled": "hsl(208, 8%, 90%)",
                "divider": "#bcbbc1",
                "error": "#ff190c",
                "grey0": "#393e42",
                "grey1": "#43484d",
                "grey2": "#5e6977",
                "grey3": "#86939e",
                "grey4": "#bdc6cf",
                "grey5": "#e1e8ee",
                "greyOutline": "#bbb",
                "platform": {
                  "android": {
                    "error": "#f44336",
                    "grey": "rgba(0, 0, 0, 0.54)",
                    "primary": "#2196f3",
                    "searchBg": "#dcdce1",
                    "secondary": "#9C27B0",
                    "success": "#4caf50",
                    "warning": "#ffeb3b",
                  },
                  "default": {
                    "error": "#ff3b30",
                    "grey": "#7d7d7d",
                    "primary": "#007aff",
                    "searchBg": "#dcdce1",
                    "secondary": "#5856d6",
                    "success": "#4cd964",
                    "warning": "#ffcc00",
                  },
                  "ios": {
                    "error": "#ff3b30",
                    "grey": "#7d7d7d",
                    "primary": "#007aff",
                    "searchBg": "#dcdce1",
                    "secondary": "#5856d6",
                    "success": "#4cd964",
                    "warning": "#ffcc00",
                  },
                  "web": {
                    "error": "#ff190c",
                    "grey": "#393e42",
                    "primary": "#2089dc",
                    "searchBg": "#303337",
                    "secondary": "#ca71eb",
                    "success": "#52c41a",
                    "warning": "#faad14",
                  },
                },
                "primary": "#2089dc",
                "searchBg": "#303337",
                "secondary": "#ad1457",
                "success": "#52c41a",
                "warning": "#faad14",
                "white": "#ffffff",
              },
              "spacing": {
                "lg": 12,
                "md": 8,
                "sm": 4,
                "xl": 24,
                "xs": 2,
              },
            }
          }
        >
          <Text
            accessibilityRole="text"
            style={
              {
                "backgroundColor": "transparent",
                "color": "#faf8ff",
                "fontSize": 17,
              }
            }
            testID="listItemTitle"
          >
            Language
          </Text>
        </View>
        <View
          style={
            {
              "paddingLeft": 16,
            }
          }
        />
        <View
          style={
            [
              {
                "alignItems": "flex-end",
                "flex": 0.5,
                "justifyContent": "center",
              },
              undefined,
            ]
          }
          theme={
            {
              "colors": {
                "background": "#ffffff",
                "black": "#242424",
                "disabled": "hsl(208, 8%, 90%)",
                "divider": "#bcbbc1",
                "error": "#ff190c",
                "grey0": "#393e42",
                "grey1": "#43484d",
                "grey2": "#5e6977",
                "grey3": "#86939e",
                "grey4": "#bdc6cf",
                "grey5": "#e1e8ee",
                "greyOutline": "#bbb",
                "platform": {
                  "android": {
                    "error": "#f44336",
                    "grey": "rgba(0, 0, 0, 0.54)",
                    "primary": "#2196f3",
                    "searchBg": "#dcdce1",
                    "secondary": "#9C27B0",
                    "success": "#4caf50",
                    "warning": "#ffeb3b",
                  },
                  "default": {
                    "error": "#ff3b30",
                    "grey": "#7d7d7d",
                    "primary": "#007aff",
                    "searchBg": "#dcdce1",
                    "secondary": "#5856d6",
                    "success": "#4cd964",
                    "warning": "#ffcc00",
                  },
                  "ios": {
                    "error": "#ff3b30",
                    "grey": "#7d7d7d",
                    "primary": "#007aff",
                    "searchBg": "#dcdce1",
                    "secondary": "#5856d6",
                    "success": "#4cd964",
                    "warning": "#ffcc00",
                  },
                  "web": {
                    "error": "#ff190c",
                    "grey": "#393e42",
                    "primary": "#2089dc",
                    "searchBg": "#303337",
                    "secondary": "#ca71eb",
                    "success": "#52c41a",
                    "warning": "#faad14",
                  },
                },
                "primary": "#2089dc",
                "searchBg": "#303337",
                "secondary": "#ad1457",
                "success": "#52c41a",
                "warning": "#faad14",
                "white": "#ffffff",
              },
              "spacing": {
                "lg": 12,
                "md": 8,
                "sm": 4,
                "xl": 24,
                "xs": 2,
              },
            }
          }
        >
          <Text
            accessibilityRole="text"
            style={
              {
                "backgroundColor": "transparent",
                "color": "#faf8ff",
                "fontSize": 17,
                "opacity": 0.5,
              }
            }
            testID="listItemTitle"
          >
            English
          </Text>
        </View>
        <View
          style={
            {
              "paddingLeft": 16,
            }
          }
        />
        <View
          style={
            {
              "alignSelf": "center",
              "overflow": "hidden",
            }
          }
          testID="RNE__ICON__CONTAINER"
        >
          <View
            accessibilityRole="button"
            android_ripple={
              {
                "borderless": false,
                "color": "rgba(0, 0, 0, 0.3)",
                "radius": -5,
              }
            }
            disabled={false}
            testID="RNE__ICON__CONTAINER_ACTION"
          >
            <View
              style={
                {
                  "alignItems": "center",
                  "backgroundColor": "transparent",
                  "justifyContent": "center",
                }
              }
              testID="RNE__ICON"
            >
              <Text />
            </View>
          </View>
        </View>
      </View>
    </View>
  </RNGestureHandlerButton>
  <RNGestureHandlerButton
    collapsable={false}
    delayLongPress={600}
    enabled={true}
    exclusive={true}
    handlerTag={2}
    handlerType="NativeViewGestureHandler"
    onGestureEvent={[Function]}
    onGestureHandlerEvent={[Function]}
    onGestureHandlerStateChange={[Function]}
    onHandlerStateChange={[Function]}
    rippleColor={0}
    touchSoundDisabled={false}
  >
    <View
      accessible={true}
      collapsable={false}
      style={{}}
    >
      <View
        style={
          {
            "alignItems": "center",
            "backgroundColor": "#1a1a1a",
            "borderBottomWidth": 0.5,
            "borderColor": "#374151",
            "flexDirection": "row",
            "padding": 14,
          }
        }
        testID="RNE__LISTITEM__padView"
      >
        <View
          style={
            {
              "overflow": "hidden",
            }
          }
          testID="RNE__ICON__CONTAINER"
        >
          <View
            accessibilityRole="button"
            android_ripple={
              {
                "borderless": false,
                "color": "rgba(0, 0, 0, 0.3)",
                "radius": -5,
              }
            }
            disabled={false}
            testID="RNE__ICON__CONTAINER_ACTION"
          >
            <View
              style={
                {
                  "alignItems": "center",
                  "backgroundColor": "transparent",
                  "justifyContent": "center",
                }
              }
              testID="RNE__ICON"
            >
              <Text />
            </View>
          </View>
        </View>
        <View
          style={
            {
              "paddingLeft": 16,
            }
          }
        />
        <View
          style={
            [
              {
                "alignItems": "flex-start",
                "flex": 1,
                "justifyContent": "center",
              },
              undefined,
            ]
          }
          theme={
            {
              "colors": {
                "background": "#ffffff",
                "black": "#242424",
                "disabled": "hsl(208, 8%, 90%)",
                "divider": "#bcbbc1",
                "error": "#ff190c",
                "grey0": "#393e42",
                "grey1": "#43484d",
                "grey2": "#5e6977",
                "grey3": "#86939e",
                "grey4": "#bdc6cf",
                "grey5": "#e1e8ee",
                "greyOutline": "#bbb",
                "platform": {
                  "android": {
                    "error": "#f44336",
                    "grey": "rgba(0, 0, 0, 0.54)",
                    "primary": "#2196f3",
                    "searchBg": "#dcdce1",
                    "secondary": "#9C27B0",
                    "success": "#4caf50",
                    "warning": "#ffeb3b",
                  },
                  "default": {
                    "error": "#ff3b30",
                    "grey": "#7d7d7d",
                    "primary": "#007aff",
                    "searchBg": "#dcdce1",
                    "secondary": "#5856d6",
                    "success": "#4cd964",
                    "warning": "#ffcc00",
                  },
                  "ios": {
                    "error": "#ff3b30",
                    "grey": "#7d7d7d",
                    "primary": "#007aff",
                    "searchBg": "#dcdce1",
                    "secondary": "#5856d6",
                    "success": "#4cd964",
                    "warning": "#ffcc00",
                  },
                  "web": {
                    "error": "#ff190c",
                    "grey": "#393e42",
                    "primary": "#2089dc",
                    "searchBg": "#303337",
                    "secondary": "#ca71eb",
                    "success": "#52c41a",
                    "warning": "#faad14",
                  },
                },
                "primary": "#2089dc",
                "searchBg": "#303337",
                "secondary": "#ad1457",
                "success": "#52c41a",
                "warning": "#faad14",
                "white": "#ffffff",
              },
              "spacing": {
                "lg": 12,
                "md": 8,
                "sm": 4,
                "xl": 24,
                "xs": 2,
              },
            }
          }
        >
          <Text
            accessibilityRole="text"
            style={
              {
                "backgroundColor": "transparent",
                "color": "#faf8ff",
                "fontSize": 17,
              }
            }
            testID="listItemTitle"
          >
            Theme
          </Text>
        </View>
        <View
          style={
            {
              "paddingLeft": 16,
            }
          }
        />
        <View
          style={
            [
              {
                "alignItems": "flex-end",
                "flex": 0.5,
                "justifyContent": "center",
              },
              undefined,
            ]
          }
          theme={
            {
              "colors": {
                "background": "#ffffff",
                "black": "#242424",
                "disabled": "hsl(208, 8%, 90%)",
                "divider": "#bcbbc1",
                "error": "#ff190c",
                "grey0": "#393e42",
                "grey1": "#43484d",
                "grey2": "#5e6977",
                "grey3": "#86939e",
                "grey4": "#bdc6cf",
                "grey5": "#e1e8ee",
                "greyOutline": "#bbb",
                "platform": {
                  "android": {
                    "error": "#f44336",
                    "grey": "rgba(0, 0, 0, 0.54)",
                    "primary": "#2196f3",
                    "searchBg": "#dcdce1",
                    "secondary": "#9C27B0",
                    "success": "#4caf50",
                    "warning": "#ffeb3b",
                  },
                  "default": {
                    "error": "#ff3b30",
                    "grey": "#7d7d7d",
                    "primary": "#007aff",
                    "searchBg": "#dcdce1",
                    "secondary": "#5856d6",
                    "success": "#4cd964",
                    "warning": "#ffcc00",
                  },
                  "ios": {
                    "error": "#ff3b30",
                    "grey": "#7d7d7d",
                    "primary": "#007aff",
                    "searchBg": "#dcdce1",
                    "secondary": "#5856d6",
                    "success": "#4cd964",
                    "warning": "#ffcc00",
                  },
                  "web": {
                    "error": "#ff190c",
                    "grey": "#393e42",
                    "primary": "#2089dc",
                    "searchBg": "#303337",
                    "secondary": "#ca71eb",
                    "success": "#52c41a",
                    "warning": "#faad14",
                  },
                },
                "primary": "#2089dc",
                "searchBg": "#303337",
                "secondary": "#ad1457",
                "success": "#52c41a",
                "warning": "#faad14",
                "white": "#ffffff",
              },
              "spacing": {
                "lg": 12,
                "md": 8,
                "sm": 4,
                "xl": 24,
                "xs": 2,
              },
            }
          }
        >
          <Text
            accessibilityRole="text"
            style={
              {
                "backgroundColor": "transparent",
                "color": "#faf8ff",
                "fontSize": 17,
                "opacity": 0.5,
              }
            }
            testID="listItemTitle"
          >
            Dark
          </Text>
        </View>
        <View
          style={
            {
              "paddingLeft": 16,
            }
          }
        />
        <View
          style={
            {
              "alignSelf": "center",
              "overflow": "hidden",
            }
          }
          testID="RNE__ICON__CONTAINER"
        >
          <View
            accessibilityRole="button"
            android_ripple={
              {
                "borderless": false,
                "color": "rgba(0, 0, 0, 0.3)",
                "radius": -5,
              }
            }
            disabled={false}
            testID="RNE__ICON__CONTAINER_ACTION"
          >
            <View
              style={
                {
                  "alignItems": "center",
                  "backgroundColor": "transparent",
                  "justifyContent": "center",
                }
              }
              testID="RNE__ICON"
            >
              <Text />
            </View>
          </View>
        </View>
      </View>
    </View>
  </RNGestureHandlerButton>
</View>
`;
