// Jest Snapshot v1, https://goo.gl/fbAQLP

exports[`Signup renders correctly 1`] = `
<View
  accessibilityState={
    {
      "busy": undefined,
      "checked": undefined,
      "disabled": undefined,
      "expanded": undefined,
      "selected": undefined,
    }
  }
  accessible={true}
  focusable={true}
  onClick={[Function]}
  onResponderGrant={[Function]}
  onResponderMove={[Function]}
  onResponderRelease={[Function]}
  onResponderTerminate={[Function]}
  onResponderTerminationRequest={[Function]}
  onStartShouldSetResponder={[Function]}
  style={
    [
      {
        "backgroundColor": "#121212",
        "flex": 1,
      },
      {
        "paddingHorizontal": 10,
        "paddingTop": 20,
      },
    ]
  }
>
  <View
    style={
      {
        "paddingHorizontal": 0,
        "width": "100%",
      }
    }
    testID="RNE__Input__view-wrapper"
  >
    <Text
      style={
        {
          "color": "#d3fbd8",
          "fontSize": 15,
          "fontWeight": "bold",
          "marginBottom": 5,
        }
      }
    >
      Email
    </Text>
    <View
      collapsable={false}
      style={
        {
          "alignItems": "center",
          "borderBottomWidth": 1,
          "borderColor": "#374151",
          "borderRadius": 10,
          "borderWidth": 1,
          "flexDirection": "row",
          "marginBottom": 20,
          "transform": [
            {
              "translateX": 0,
            },
          ],
        }
      }
    >
      <TextInput
        autoCapitalize="none"
        autoCorrect={false}
        editable={true}
        keyboardType="email-address"
        onBlur={[Function]}
        onChangeText={[Function]}
        onFocus={[Function]}
        placeholder="your-email@example.com"
        placeholderTextColor="#86939e"
        returnKeyType="done"
        selectionColor="#faf8ff"
        showError={false}
        style={
          {
            "color": "#faf8ff",
            "flex": 1,
            "fontSize": 18,
            "minHeight": 40,
            "paddingHorizontal": 10,
            "paddingTop": 20,
            "paddingVertical": 20,
          }
        }
        testID="RNE__Input__text-input"
        underlineColorAndroid="transparent"
      />
    </View>
    <Text
      style={
        {
          "color": "#ff190c",
          "fontSize": 12,
          "height": 0,
          "margin": 0,
          "padding": 0,
        }
      }
    />
  </View>
  <View
    style={
      {
        "paddingHorizontal": 0,
        "width": "100%",
      }
    }
    testID="RNE__Input__view-wrapper"
  >
    <Text
      style={
        {
          "color": "#d3fbd8",
          "fontSize": 15,
          "fontWeight": "bold",
          "marginBottom": 5,
        }
      }
    >
      Password
    </Text>
    <View
      collapsable={false}
      style={
        {
          "alignItems": "center",
          "borderBottomWidth": 1,
          "borderColor": "#374151",
          "borderRadius": 10,
          "borderWidth": 1,
          "flexDirection": "row",
          "marginBottom": 20,
          "transform": [
            {
              "translateX": 0,
            },
          ],
        }
      }
    >
      <TextInput
        autoCorrect={false}
        editable={true}
        onBlur={[Function]}
        onChangeText={[Function]}
        onFocus={[Function]}
        placeholder="Must have at least 6 characters"
        placeholderTextColor="#86939e"
        returnKeyType="done"
        secureTextEntry={true}
        selectionColor="#faf8ff"
        showError={false}
        style={
          {
            "color": "#faf8ff",
            "flex": 1,
            "fontSize": 18,
            "minHeight": 40,
            "paddingHorizontal": 10,
            "paddingTop": 20,
            "paddingVertical": 20,
          }
        }
        testID="RNE__Input__text-input"
        underlineColorAndroid="transparent"
      />
    </View>
    <Text
      style={
        {
          "color": "#ff190c",
          "fontSize": 12,
          "height": 0,
          "margin": 0,
          "padding": 0,
        }
      }
    />
  </View>
  <View
    style={
      [
        {
          "overflow": "hidden",
        },
        {
          "borderRadius": 2,
        },
        undefined,
        false,
      ]
    }
    testID="RNE_BUTTON_WRAPPER"
  >
    <View
      accessibilityRole="button"
      accessibilityState={
        {
          "busy": false,
          "checked": undefined,
          "disabled": false,
          "expanded": undefined,
          "selected": undefined,
        }
      }
      accessibilityValue={
        {
          "max": undefined,
          "min": undefined,
          "now": undefined,
          "text": undefined,
        }
      }
      accessible={true}
      collapsable={false}
      focusable={true}
      onClick={[Function]}
      onResponderGrant={[Function]}
      onResponderMove={[Function]}
      onResponderRelease={[Function]}
      onResponderTerminate={[Function]}
      onResponderTerminationRequest={[Function]}
      onStartShouldSetResponder={[Function]}
      style={
        {
          "opacity": 1,
        }
      }
    >
      <View
        style={
          {
            "alignItems": "center",
            "backgroundColor": "#7600eb",
            "borderColor": "#2089dc",
            "borderRadius": 10,
            "borderWidth": 0,
            "flexDirection": "row",
            "justifyContent": "center",
            "padding": 12,
            "paddingHorizontal": 14,
          }
        }
      >
        <Text
          style={
            {
              "color": "white",
              "fontSize": 18,
              "paddingVertical": 1,
              "textAlign": "center",
            }
          }
        >
          Sign up
        </Text>
      </View>
    </View>
  </View>
</View>
`;
