// Jest Snapshot v1, https://goo.gl/fbAQLP

exports[`TouchableInput renders correctly 1`] = `
<View
  style={
    {
      "paddingHorizontal": 0,
      "width": "100%",
    }
  }
  testID="RNE__Input__view-wrapper"
>
  <View
    collapsable={false}
    style={
      {
        "alignItems": "center",
        "borderBottomWidth": 1,
        "borderColor": "#374151",
        "borderRadius": 10,
        "borderWidth": 1,
        "flexDirection": "row",
        "marginBottom": 20,
        "transform": [
          {
            "translateX": 0,
          },
        ],
      }
    }
  >
    <TextInput
      autoCorrect={false}
      editable={true}
      onBlur={[Function]}
      onFocus={[Function]}
      onPress={[Function]}
      placeholderTextColor="#86939e"
      returnKeyType="done"
      selectionColor="transparent"
      showSoftInputOnFocus={false}
      style={
        {
          "color": "#faf8ff",
          "flex": 1,
          "fontSize": 18,
          "minHeight": 40,
          "paddingHorizontal": 10,
          "paddingTop": 20,
          "paddingVertical": 20,
        }
      }
      testID="RNE__Input__text-input"
      underlineColorAndroid="transparent"
    />
    <View
      style={
        {
          "alignItems": "center",
          "height": 40,
          "justifyContent": "center",
          "marginRight": 10,
          "marginVertical": 4,
          "paddingRight": 0,
        }
      }
    >
      <Text />
    </View>
  </View>
  <Text
    style={
      {
        "color": "#ff190c",
        "fontSize": 12,
        "height": 0,
        "margin": 0,
        "padding": 0,
      }
    }
  />
</View>
`;
